Network Analysis Suite Log
Started: 2025-06-04 16:45:31
Data Directory: /home/ming/E2E-network-measurement/data/20250527-MONO(100-800M)
Selected Analyses: throughput, packet_loss, ping_latency, jitter, cpu
================================================================================

================================================================================
Analysis: analyze_throughput.py
Started: 2025-06-04 16:45:33
================================================================================
STDOUT:
Analyzing throughput data from: /home/ming/E2E-network-measurement/data/20250527-MONO(100-800M)
Processing throughput data:
📊 Processing 100M bandwidth...
  📤 CN: 100.0 Mbps sent
  📥 UE: 99.7 Mbps received
📊 Processing 200M bandwidth...
  📤 CN: 200.0 Mbps sent
  📥 UE: 199.5 Mbps received
📊 Processing 300M bandwidth...
  📤 CN: 300.0 Mbps sent
  📥 UE: 299.2 Mbps received
📊 Processing 400M bandwidth...
  📤 CN: 400.0 Mbps sent
  📥 UE: 393.9 Mbps received
📊 Processing 500M bandwidth...
  📤 CN: 500.0 Mbps sent
  📥 UE: 449.6 Mbps received
📊 Processing 600M bandwidth...
  📤 CN: 600.0 Mbps sent
  📥 UE: 523.4 Mbps received
📊 Processing 700M bandwidth...
  📤 CN: 700.0 Mbps sent
  📥 UE: 608.1 Mbps received
✅ Throughput comparison plot saved: throughput_comparison.png
✅ Throughput analysis complete! Results saved to /home/ming/E2E-network-measurement/Analysis/analysis-20250527-MONO(100-800M)

Return Code: 0
Completed: 2025-06-04 16:45:33

================================================================================
Analysis: analyze_packet_loss.py
Started: 2025-06-04 16:45:34
================================================================================
STDOUT:
Analyzing UE packet loss data from: /home/ming/E2E-network-measurement/data/20250527-MONO(100-800M)
Processing UE packet loss data:
📊 Processing 100M bandwidth...
  📉 UE Loss Rate: 0.278%
📊 Processing 200M bandwidth...
  📉 UE Loss Rate: 0.252%
📊 Processing 300M bandwidth...
  📉 UE Loss Rate: 0.267%
📊 Processing 400M bandwidth...
  📉 UE Loss Rate: 1.528%
📊 Processing 500M bandwidth...
  📉 UE Loss Rate: 10.078%
📊 Processing 600M bandwidth...
  📉 UE Loss Rate: 12.773%
📊 Processing 700M bandwidth...
  📉 UE Loss Rate: 13.217%
✅ UE packet loss analysis complete! Plot saved to /home/ming/E2E-network-measurement/Analysis/analysis-20250527-MONO(100-800M)/ue_packet_loss_analysis.png

Return Code: 0
Completed: 2025-06-04 16:45:34

================================================================================
Analysis: analyze_ping_latency.py
Started: 2025-06-04 16:45:37
================================================================================
STDOUT:
📋 Detected mode: MONO
Analyzing ping latency data from: /home/ming/E2E-network-measurement/data/20250527-MONO(100-800M)
Processing ping latency data:
📊 Processing 100M bandwidth...
  📥 Downlink: 618 ping measurements
📊 Processing 200M bandwidth...
  📥 Downlink: 620 ping measurements
📊 Processing 300M bandwidth...
  📥 Downlink: 619 ping measurements
📊 Processing 400M bandwidth...
  📥 Downlink: 610 ping measurements
📊 Processing 500M bandwidth...
  📥 Downlink: 565 ping measurements
📊 Processing 600M bandwidth...
  📥 Downlink: 538 ping measurements
📊 Processing 700M bandwidth...
  📥 Downlink: 506 ping measurements
📊 Creating DL ping analysis...
✅ Analysis plots saved: 3 files

📋 DL Ping Latency Summary:
--------------------------------------------------
100M: Mean=18.25ms, Median=18.50ms, Std=7.81ms, Outliers=5
200M: Mean=19.53ms, Median=18.80ms, Std=26.63ms, Outliers=2
300M: Mean=18.98ms, Median=18.80ms, Std=14.12ms, Outliers=1
400M: Mean=20.94ms, Median=20.00ms, Std=7.73ms, Outliers=14
500M: Mean=25.52ms, Median=24.20ms, Std=21.65ms, Outliers=2
600M: Mean=25.63ms, Median=25.70ms, Std=7.12ms, Outliers=3
700M: Mean=26.98ms, Median=27.00ms, Std=12.23ms, Outliers=1
⚠️ No UL ping data found, skipping...
✅ Ping latency analysis complete! Results saved to /home/ming/E2E-network-measurement/Analysis/analysis-20250527-MONO(100-800M)

Return Code: 0
Completed: 2025-06-04 16:45:37

================================================================================
Analysis: analyze_jitter.py
Started: 2025-06-04 16:45:38
================================================================================
STDOUT:
Analyzing jitter data from: /home/ming/E2E-network-measurement/data/20250527-MONO(100-800M)
Processing jitter data:
📊 Processing 100M bandwidth...
  📈 UE Jitter: 0.132ms
📊 Processing 200M bandwidth...
  📈 UE Jitter: 0.115ms
📊 Processing 300M bandwidth...
  📈 UE Jitter: 0.021ms
📊 Processing 400M bandwidth...
  📈 UE Jitter: 0.021ms
📊 Processing 500M bandwidth...
  📈 UE Jitter: 0.028ms
📊 Processing 600M bandwidth...
  📈 UE Jitter: 0.015ms
📊 Processing 700M bandwidth...
  📈 UE Jitter: 0.026ms
✅ Jitter analysis complete! Plot saved to /home/ming/E2E-network-measurement/Analysis/analysis-20250527-MONO(100-800M)/ue_jitter_analysis.png

Return Code: 0
Completed: 2025-06-04 16:45:38

================================================================================
Analysis: analyze_cpu_utilization.py
Started: 2025-06-04 16:45:41
================================================================================
STDOUT:
Analyzing CPU utilization data from: /home/ming/E2E-network-measurement/data/20250527-MONO(100-800M)
✅ Processing CPU utilization data...
📊 Processing 100M bandwidth...
📊 Processing 200M bandwidth...
📊 Processing 300M bandwidth...
📊 Processing 400M bandwidth...
📊 Processing 500M bandwidth...
📊 Processing 600M bandwidth...
📊 Processing 700M bandwidth...
📈 Creating CPU utilization visualizations...
✅ CPU analysis complete! Generated 2 plots in /home/ming/E2E-network-measurement/Analysis/analysis-20250527-MONO(100-800M)

Return Code: 0
Completed: 2025-06-04 16:45:41

================================================================================
Analysis Suite Summary
Completed: 2025-06-04 16:45:41
Successful: 5
Failed: 0
================================================================================
