Network Analysis Suite Log
Started: 2025-06-10 10:37:44
Data Directory: /home/ming/E2E-network-measurement/data/20250610-NFAPI(100-800M)
Selected Analyses: clean_json, throughput, packet_loss, ping_latency, jitter, cpu
================================================================================

================================================================================
Analysis: clean_iperf_json_analysis.py
Started: 2025-06-10 10:37:46
================================================================================
STDOUT:
🧹 Cleaning and validating iperf3 JSON files in: /home/ming/E2E-network-measurement/data/20250610-NFAPI(100-800M)
📁 Found 16 JSON files to process

🔄 Processing JSON files:
------------------------------------------------------------
📄 Processing: iperf-dl-udp-100M-CN.json
✅ Cleaned: iperf-dl-udp-100M-CN.json
✅ Validation passed: iperf-dl-udp-100M-CN.json

📄 Processing: iperf-dl-udp-100M-UE.json
✅ Cleaned: iperf-dl-udp-100M-UE.json
✅ Validation passed: iperf-dl-udp-100M-UE.json

📄 Processing: iperf-dl-udp-200M-CN.json
✅ Cleaned: iperf-dl-udp-200M-CN.json
✅ Validation passed: iperf-dl-udp-200M-CN.json

📄 Processing: iperf-dl-udp-200M-UE.json
✅ Cleaned: iperf-dl-udp-200M-UE.json
✅ Validation passed: iperf-dl-udp-200M-UE.json

📄 Processing: iperf-dl-udp-300M-CN.json
✅ Cleaned: iperf-dl-udp-300M-CN.json
✅ Validation passed: iperf-dl-udp-300M-CN.json

📄 Processing: iperf-dl-udp-300M-UE.json
✅ Cleaned: iperf-dl-udp-300M-UE.json
✅ Validation passed: iperf-dl-udp-300M-UE.json

📄 Processing: iperf-dl-udp-400M-CN.json
✅ Cleaned: iperf-dl-udp-400M-CN.json
✅ Validation passed: iperf-dl-udp-400M-CN.json

📄 Processing: iperf-dl-udp-400M-UE.json
✅ Cleaned: iperf-dl-udp-400M-UE.json
✅ Validation passed: iperf-dl-udp-400M-UE.json

📄 Processing: iperf-dl-udp-500M-CN.json
✅ Cleaned: iperf-dl-udp-500M-CN.json
✅ Validation passed: iperf-dl-udp-500M-CN.json

📄 Processing: iperf-dl-udp-500M-UE.json
✅ Cleaned: iperf-dl-udp-500M-UE.json
✅ Validation passed: iperf-dl-udp-500M-UE.json

📄 Processing: iperf-dl-udp-600M-CN.json
✅ Cleaned: iperf-dl-udp-600M-CN.json
✅ Validation passed: iperf-dl-udp-600M-CN.json

📄 Processing: iperf-dl-udp-600M-UE.json
✅ Cleaned: iperf-dl-udp-600M-UE.json
✅ Validation passed: iperf-dl-udp-600M-UE.json

📄 Processing: iperf-dl-udp-700M-CN.json
✅ Cleaned: iperf-dl-udp-700M-CN.json
✅ Validation passed: iperf-dl-udp-700M-CN.json

📄 Processing: iperf-dl-udp-700M-UE.json
✅ Cleaned: iperf-dl-udp-700M-UE.json
✅ Validation passed: iperf-dl-udp-700M-UE.json

📄 Processing: iperf-dl-udp-800M-CN.json
✅ Cleaned: iperf-dl-udp-800M-CN.json
✅ Validation passed: iperf-dl-udp-800M-CN.json

📄 Processing: iperf-dl-udp-800M-UE.json
✅ Cleaned: iperf-dl-udp-800M-UE.json
✅ Validation passed: iperf-dl-udp-800M-UE.json

================================================================================
🧹 JSON Cleaning and Validation Summary
================================================================================
📁 Total files processed: 16
✅ Successfully cleaned: 16
✅ Successfully validated: 16
❌ Failed to process: 0
💾 All cleaned files are saved in-place in: /home/ming/E2E-network-measurement/data/20250610-NFAPI(100-800M)
================================================================================

Return Code: 0
Completed: 2025-06-10 10:37:46

================================================================================
Analysis: analyze_throughput.py
Started: 2025-06-10 10:37:47
================================================================================
STDOUT:
Analyzing throughput data from: /home/ming/E2E-network-measurement/data/20250610-NFAPI(100-800M)
Processing throughput data:
📊 Processing 100M bandwidth...
  📤 CN: 100.0 Mbps sent
  📥 UE: 99.7 Mbps received
📊 Processing 200M bandwidth...
  📤 CN: 200.0 Mbps sent
  📥 UE: 200.0 Mbps received
📊 Processing 300M bandwidth...
  📤 CN: 300.0 Mbps sent
  📥 UE: 298.8 Mbps received
📊 Processing 400M bandwidth...
  📤 CN: 400.0 Mbps sent
  📥 UE: 395.6 Mbps received
📊 Processing 500M bandwidth...
  📤 CN: 500.0 Mbps sent
  📥 UE: 494.6 Mbps received
📊 Processing 600M bandwidth...
  📤 CN: 600.0 Mbps sent
  📥 UE: 570.7 Mbps received
📊 Processing 700M bandwidth...
  📤 CN: 700.0 Mbps sent
  📥 UE: 634.7 Mbps received
📊 Processing 800M bandwidth...
  📤 CN: 800.0 Mbps sent
  📥 UE: 631.9 Mbps received
✅ Throughput comparison plot saved: throughput_comparison.png
✅ Throughput analysis complete! Results saved to /home/ming/E2E-network-measurement/Analysis/analysis-20250610-NFAPI(100-800M)

Return Code: 0
Completed: 2025-06-10 10:37:47

================================================================================
Analysis: analyze_packet_loss.py
Started: 2025-06-10 10:37:49
================================================================================
STDOUT:
Analyzing UE packet loss data from: /home/ming/E2E-network-measurement/data/20250610-NFAPI(100-800M)
Processing UE packet loss data:
📊 Processing 100M bandwidth...
  📉 UE Loss Rate: 0.346%
📊 Processing 200M bandwidth...
  📉 UE Loss Rate: 0.000%
📊 Processing 300M bandwidth...
  📉 UE Loss Rate: 0.405%
📊 Processing 400M bandwidth...
  📉 UE Loss Rate: 1.108%
📊 Processing 500M bandwidth...
  📉 UE Loss Rate: 1.130%
📊 Processing 600M bandwidth...
  📉 UE Loss Rate: 4.894%
📊 Processing 700M bandwidth...
  📉 UE Loss Rate: 9.342%
📊 Processing 800M bandwidth...
  📉 UE Loss Rate: 21.070%
✅ UE packet loss analysis complete! Plot saved to /home/ming/E2E-network-measurement/Analysis/analysis-20250610-NFAPI(100-800M)/ue_packet_loss_analysis.png

Return Code: 0
Completed: 2025-06-10 10:37:49

================================================================================
Analysis: analyze_ping_latency.py
Started: 2025-06-10 10:37:52
================================================================================
STDOUT:
📋 Detected mode: NFAPI
Analyzing ping latency data from: /home/ming/E2E-network-measurement/data/20250610-NFAPI(100-800M)
Processing ping latency data:
📊 Processing 100M bandwidth...
  📥 Downlink: 2410 ping measurements
📊 Processing 200M bandwidth...
  📥 Downlink: 2418 ping measurements
📊 Processing 300M bandwidth...
  📥 Downlink: 2408 ping measurements
📊 Processing 400M bandwidth...
  📥 Downlink: 2351 ping measurements
📊 Processing 500M bandwidth...
  📥 Downlink: 2391 ping measurements
📊 Processing 600M bandwidth...
  📥 Downlink: 2284 ping measurements
📊 Processing 700M bandwidth...
  📥 Downlink: 2095 ping measurements
📊 Processing 800M bandwidth...
  📥 Downlink: 1669 ping measurements
📊 Creating DL ping analysis...
✅ Analysis plots saved: 3 files

📋 DL Ping Latency Summary:
--------------------------------------------------
100M: Mean=24.23ms, Median=18.80ms, Std=45.48ms, Outliers=59
200M: Mean=27.54ms, Median=19.00ms, Std=102.80ms, Outliers=64
300M: Mean=40.31ms, Median=19.10ms, Std=172.50ms, Outliers=99
400M: Mean=35.36ms, Median=18.60ms, Std=145.56ms, Outliers=103
500M: Mean=24.84ms, Median=20.00ms, Std=50.45ms, Outliers=64
600M: Mean=31.35ms, Median=26.10ms, Std=56.15ms, Outliers=105
700M: Mean=71.33ms, Median=33.90ms, Std=121.96ms, Outliers=314
800M: Mean=62.75ms, Median=33.60ms, Std=98.70ms, Outliers=237
⚠️ No UL ping data found, skipping...
✅ Ping latency analysis complete! Results saved to /home/ming/E2E-network-measurement/Analysis/analysis-20250610-NFAPI(100-800M)

Return Code: 0
Completed: 2025-06-10 10:37:52

================================================================================
Analysis: analyze_jitter.py
Started: 2025-06-10 10:37:54
================================================================================
STDOUT:
Analyzing jitter data from: /home/ming/E2E-network-measurement/data/20250610-NFAPI(100-800M)
Processing jitter data:
📊 Processing 100M bandwidth...
  📈 UE Jitter: 0.098ms
📊 Processing 200M bandwidth...
  📈 UE Jitter: 0.044ms
📊 Processing 300M bandwidth...
  📈 UE Jitter: 0.058ms
📊 Processing 400M bandwidth...
  📈 UE Jitter: 0.018ms
📊 Processing 500M bandwidth...
  📈 UE Jitter: 0.016ms
📊 Processing 600M bandwidth...
  📈 UE Jitter: 0.013ms
📊 Processing 700M bandwidth...
  📈 UE Jitter: 0.019ms
📊 Processing 800M bandwidth...
  📈 UE Jitter: 0.014ms
✅ Jitter analysis complete! Plot saved to /home/ming/E2E-network-measurement/Analysis/analysis-20250610-NFAPI(100-800M)/ue_jitter_analysis.png

Return Code: 0
Completed: 2025-06-10 10:37:54

================================================================================
Analysis: analyze_cpu_utilization.py
Started: 2025-06-10 10:37:57
================================================================================
STDOUT:
Analyzing CPU utilization data from: /home/ming/E2E-network-measurement/data/20250610-NFAPI(100-800M)
✅ Processing CPU utilization data...
📊 Processing 100M bandwidth...
📊 Processing 200M bandwidth...
📊 Processing 300M bandwidth...
📊 Processing 400M bandwidth...
📊 Processing 500M bandwidth...
📊 Processing 600M bandwidth...
📊 Processing 700M bandwidth...
📊 Processing 800M bandwidth...
📈 Creating CPU utilization visualizations...
✅ CPU analysis complete! Generated 2 plots in /home/ming/E2E-network-measurement/Analysis/analysis-20250610-NFAPI(100-800M)

Return Code: 0
Completed: 2025-06-10 10:37:57

================================================================================
Analysis Suite Summary
Completed: 2025-06-10 10:37:57
Successful: 6
Failed: 0
================================================================================
