Network Analysis Suite Log
Started: 2025-06-10 01:04:24
Data Directory: /home/ming/E2E-network-measurement/data/20250610-NFAPI(100-800M)
Selected Analyses: clean_json, throughput, packet_loss, ping_latency, jitter, cpu
================================================================================

================================================================================
Analysis: clean_iperf_json_analysis.py
Started: 2025-06-10 01:04:24
================================================================================
STDOUT:
🧹 Cleaning and validating iperf3 JSON files in: /home/ming/E2E-network-measurement/data/20250610-NFAPI(100-800M)
📁 Found 16 JSON files to process

🔄 Processing JSON files:
------------------------------------------------------------
📄 Processing: iperf-dl-udp-100M-CN.json
✅ Cleaned: iperf-dl-udp-100M-CN.json
✅ Validation passed: iperf-dl-udp-100M-CN.json

📄 Processing: iperf-dl-udp-100M-UE.json
✅ Cleaned: iperf-dl-udp-100M-UE.json
✅ Validation passed: iperf-dl-udp-100M-UE.json

📄 Processing: iperf-dl-udp-200M-CN.json
✅ Cleaned: iperf-dl-udp-200M-CN.json
✅ Validation passed: iperf-dl-udp-200M-CN.json

📄 Processing: iperf-dl-udp-200M-UE.json
✅ Cleaned: iperf-dl-udp-200M-UE.json
✅ Validation passed: iperf-dl-udp-200M-UE.json

📄 Processing: iperf-dl-udp-300M-CN.json
✅ Cleaned: iperf-dl-udp-300M-CN.json
✅ Validation passed: iperf-dl-udp-300M-CN.json

📄 Processing: iperf-dl-udp-300M-UE.json
✅ Cleaned: iperf-dl-udp-300M-UE.json
✅ Validation passed: iperf-dl-udp-300M-UE.json

📄 Processing: iperf-dl-udp-400M-CN.json
✅ Cleaned: iperf-dl-udp-400M-CN.json
✅ Validation passed: iperf-dl-udp-400M-CN.json

📄 Processing: iperf-dl-udp-400M-UE.json
✅ Cleaned: iperf-dl-udp-400M-UE.json
✅ Validation passed: iperf-dl-udp-400M-UE.json

📄 Processing: iperf-dl-udp-500M-CN.json
✅ Cleaned: iperf-dl-udp-500M-CN.json
✅ Validation passed: iperf-dl-udp-500M-CN.json

📄 Processing: iperf-dl-udp-500M-UE.json
✅ Cleaned: iperf-dl-udp-500M-UE.json
✅ Validation passed: iperf-dl-udp-500M-UE.json

📄 Processing: iperf-dl-udp-600M-CN.json
✅ Cleaned: iperf-dl-udp-600M-CN.json
✅ Validation passed: iperf-dl-udp-600M-CN.json

📄 Processing: iperf-dl-udp-600M-UE.json
✅ Cleaned: iperf-dl-udp-600M-UE.json
✅ Validation passed: iperf-dl-udp-600M-UE.json

📄 Processing: iperf-dl-udp-700M-CN.json
✅ Cleaned: iperf-dl-udp-700M-CN.json
✅ Validation passed: iperf-dl-udp-700M-CN.json

📄 Processing: iperf-dl-udp-700M-UE.json
✅ Cleaned: iperf-dl-udp-700M-UE.json
✅ Validation passed: iperf-dl-udp-700M-UE.json

📄 Processing: iperf-dl-udp-800M-CN.json
✅ Cleaned: iperf-dl-udp-800M-CN.json
✅ Validation passed: iperf-dl-udp-800M-CN.json

📄 Processing: iperf-dl-udp-800M-UE.json
✅ Cleaned: iperf-dl-udp-800M-UE.json
✅ Validation passed: iperf-dl-udp-800M-UE.json

================================================================================
🧹 JSON Cleaning and Validation Summary
================================================================================
📁 Total files processed: 16
✅ Successfully cleaned: 16
✅ Successfully validated: 16
❌ Failed to process: 0
💾 All cleaned files are saved in-place in: /home/ming/E2E-network-measurement/data/20250610-NFAPI(100-800M)
================================================================================

Return Code: 0
Completed: 2025-06-10 01:04:24

================================================================================
Analysis: analyze_throughput.py
Started: 2025-06-10 01:04:26
================================================================================
STDOUT:
Analyzing throughput data from: /home/ming/E2E-network-measurement/data/20250610-NFAPI(100-800M)
Processing throughput data:
📊 Processing 100M bandwidth...
  📤 CN: 100.0 Mbps sent
  📥 UE: 100.8 Mbps received
📊 Processing 200M bandwidth...
  📤 CN: 200.0 Mbps sent
  📥 UE: 203.2 Mbps received
📊 Processing 300M bandwidth...
  📤 CN: 300.0 Mbps sent
  📥 UE: 303.3 Mbps received
📊 Processing 400M bandwidth...
  📤 CN: 400.0 Mbps sent
  📥 UE: 403.6 Mbps received
📊 Processing 500M bandwidth...
  📤 CN: 500.0 Mbps sent
  📥 UE: 501.3 Mbps received
📊 Processing 600M bandwidth...
  📤 CN: 600.0 Mbps sent
  📥 UE: 586.6 Mbps received
📊 Processing 700M bandwidth...
  📤 CN: 700.0 Mbps sent
  📥 UE: 638.5 Mbps received
📊 Processing 800M bandwidth...
  📤 CN: 800.0 Mbps sent
  📥 UE: 654.6 Mbps received
✅ Throughput comparison plot saved: throughput_comparison.png
✅ Throughput analysis complete! Results saved to /home/ming/E2E-network-measurement/Analysis/analysis-20250610-NFAPI(100-800M)

Return Code: 0
Completed: 2025-06-10 01:04:26

================================================================================
Analysis: analyze_packet_loss.py
Started: 2025-06-10 01:04:28
================================================================================
STDOUT:
Analyzing UE packet loss data from: /home/ming/E2E-network-measurement/data/20250610-NFAPI(100-800M)
Processing UE packet loss data:
📊 Processing 100M bandwidth...
  📉 UE Loss Rate: 0.000%
📊 Processing 200M bandwidth...
  📉 UE Loss Rate: 0.000%
📊 Processing 300M bandwidth...
  📉 UE Loss Rate: 1.060%
📊 Processing 400M bandwidth...
  📉 UE Loss Rate: 1.446%
📊 Processing 500M bandwidth...
  📉 UE Loss Rate: 1.920%
📊 Processing 600M bandwidth...
  📉 UE Loss Rate: 8.702%
📊 Processing 700M bandwidth...
  📉 UE Loss Rate: 15.988%
📊 Processing 800M bandwidth...
  📉 UE Loss Rate: 35.083%
✅ UE packet loss analysis complete! Plot saved to /home/ming/E2E-network-measurement/Analysis/analysis-20250610-NFAPI(100-800M)/ue_packet_loss_analysis.png

Return Code: 0
Completed: 2025-06-10 01:04:28

================================================================================
Analysis: analyze_ping_latency.py
Started: 2025-06-10 01:04:30
================================================================================
STDOUT:
📋 Detected mode: NFAPI
Analyzing ping latency data from: /home/ming/E2E-network-measurement/data/20250610-NFAPI(100-800M)
Processing ping latency data:
📊 Processing 100M bandwidth...
  📥 Downlink: 31 ping measurements
📊 Processing 200M bandwidth...
  📥 Downlink: 31 ping measurements
📊 Processing 300M bandwidth...
  📥 Downlink: 31 ping measurements
📊 Processing 400M bandwidth...
  📥 Downlink: 31 ping measurements
📊 Processing 500M bandwidth...
  📥 Downlink: 31 ping measurements
📊 Processing 600M bandwidth...
  📥 Downlink: 31 ping measurements
📊 Processing 700M bandwidth...
  📥 Downlink: 31 ping measurements
📊 Processing 800M bandwidth...
  📥 Downlink: 32 ping measurements
📊 Creating DL ping analysis...
✅ Analysis plots saved: 3 files

📋 DL Ping Latency Summary:
--------------------------------------------------
100M: Mean=35.15ms, Median=31.30ms, Std=36.27ms, Outliers=4
200M: Mean=38.14ms, Median=31.80ms, Std=51.17ms, Outliers=7
300M: Mean=50.88ms, Median=31.90ms, Std=86.67ms, Outliers=2
400M: Mean=64.09ms, Median=32.90ms, Std=122.42ms, Outliers=5
500M: Mean=89.32ms, Median=32.90ms, Std=191.81ms, Outliers=3
600M: Mean=65.01ms, Median=33.00ms, Std=111.59ms, Outliers=5
700M: Mean=112.31ms, Median=33.00ms, Std=184.59ms, Outliers=10
800M: Mean=100.37ms, Median=34.85ms, Std=178.36ms, Outliers=8
⚠️ No UL ping data found, skipping...
✅ Ping latency analysis complete! Results saved to /home/ming/E2E-network-measurement/Analysis/analysis-20250610-NFAPI(100-800M)

Return Code: 0
Completed: 2025-06-10 01:04:30

================================================================================
Analysis: analyze_jitter.py
Started: 2025-06-10 01:04:31
================================================================================
STDOUT:
Analyzing jitter data from: /home/ming/E2E-network-measurement/data/20250610-NFAPI(100-800M)
Processing jitter data:
📊 Processing 100M bandwidth...
  📈 UE Jitter: 0.081ms
📊 Processing 200M bandwidth...
  📈 UE Jitter: 0.077ms
📊 Processing 300M bandwidth...
  📈 UE Jitter: 0.021ms
📊 Processing 400M bandwidth...
  📈 UE Jitter: 0.025ms
📊 Processing 500M bandwidth...
  📈 UE Jitter: 0.022ms
📊 Processing 600M bandwidth...
  📈 UE Jitter: 0.013ms
📊 Processing 700M bandwidth...
  📈 UE Jitter: 0.010ms
📊 Processing 800M bandwidth...
  📈 UE Jitter: 0.012ms
✅ Jitter analysis complete! Plot saved to /home/ming/E2E-network-measurement/Analysis/analysis-20250610-NFAPI(100-800M)/ue_jitter_analysis.png

Return Code: 0
Completed: 2025-06-10 01:04:31

================================================================================
Analysis: analyze_cpu_utilization.py
Started: 2025-06-10 01:04:34
================================================================================
STDOUT:
Analyzing CPU utilization data from: /home/ming/E2E-network-measurement/data/20250610-NFAPI(100-800M)
✅ Processing CPU utilization data...
📊 Processing 100M bandwidth...
📊 Processing 200M bandwidth...
📊 Processing 300M bandwidth...
📊 Processing 400M bandwidth...
📊 Processing 500M bandwidth...
📊 Processing 600M bandwidth...
📊 Processing 700M bandwidth...
📊 Processing 800M bandwidth...
📈 Creating CPU utilization visualizations...
✅ CPU analysis complete! Generated 2 plots in /home/ming/E2E-network-measurement/Analysis/analysis-20250610-NFAPI(100-800M)

Return Code: 0
Completed: 2025-06-10 01:04:34

================================================================================
Analysis Suite Summary
Completed: 2025-06-10 01:04:34
Successful: 6
Failed: 0
================================================================================
