Analyzing ping latency data from: /home/ming/E2E-network-measurement/data/20250916-Monolithic(100-800M)-DL(10-120M)-60min-23
Processing ping latency data:
📊 Processing 100M bandwidth...
  📥 Downlink: 3201 ping measurements
📊 Processing 200M bandwidth...
  📥 Downlink: 2991 ping measurements
📊 Processing 300M bandwidth...
  📥 Downlink: 403 ping measurements
📊 Processing 400M bandwidth...
  📥 Downlink: 1265 ping measurements
📊 Processing 500M bandwidth...
  📥 Downlink: 209 ping measurements
📊 Processing 600M bandwidth...
  📥 Downlink: 37 ping measurements
📊 Processing 700M bandwidth...
  📥 Downlink: 373 ping measurements
📊 Processing 800M bandwidth...
  📥 Downlink: 2300 ping measurements
📊 Creating DL ping analysis...
❌ Error creating analysis for dl: Axes.boxplot() got an unexpected keyword argument 'tick_labels'

📋 DL Ping Latency Summary:
--------------------------------------------------
100M: Mean=115.40ms, Median=79.70ms, Std=128.60ms, Outliers=139
200M: Mean=128.44ms, Median=84.20ms, Std=233.46ms, Outliers=157
300M: Mean=124.44ms, Median=77.40ms, Std=155.16ms, Outliers=29
400M: Mean=139.02ms, Median=99.40ms, Std=146.99ms, Outliers=59
500M: Mean=135.56ms, Median=80.60ms, Std=195.31ms, Outliers=17
600M: Mean=3729.91ms, Median=89.30ms, Std=5172.07ms, Outliers=0
700M: Mean=194.02ms, Median=151.00ms, Std=155.75ms, Outliers=7
800M: Mean=243.99ms, Median=146.00ms, Std=822.23ms, Outliers=96
⚠️ No UL ping data found, skipping...
✅ Ping latency analysis complete! Results saved to /home/ming/E2E-network-measurement/Analysis/analysis-20250916-Monolithic(100-800M)-DL(10-120M)-60min-23
📋 Log file saved to: /home/ming/E2E-network-measurement/Analysis/analysis-20250916-Monolithic(100-800M)-DL(10-120M)-60min-23/logs/ping_latency_analysis_20250917_171745.log
