Analyzing throughput data from: /home/ming/E2E-network-measurement/data/20250916-Monolithic(100-800M)-DL(10-120M)-60min-23
Processing throughput data:
📊 Processing 100M bandwidth...
  📤 CN: 100.0 Mbps sent
  📥 UE: 88.7 Mbps received
📊 Processing 200M bandwidth...
  📤 CN: 0.0 Mbps sent
  📥 UE: 0.0 Mbps received
📊 Processing 300M bandwidth...
  📤 CN: 0.0 Mbps sent
  📥 UE: 0.0 Mbps received
📊 Processing 400M bandwidth...
  📤 CN: 0.0 Mbps sent
  📥 UE: 0.0 Mbps received
📊 Processing 500M bandwidth...
  📤 CN: 0.0 Mbps sent
  📥 UE: 0.0 Mbps received
📊 Processing 600M bandwidth...
  📤 CN: 0.0 Mbps sent
  📥 UE: 0.0 Mbps received
📊 Processing 700M bandwidth...
  📤 CN: 0.0 Mbps sent
  📥 UE: 0.0 Mbps received
📊 Processing 800M bandwidth...
  📤 CN: 800.0 Mbps sent
  📥 UE: 509.6 Mbps received
✅ Throughput comparison plot saved: throughput_comparison.png
✅ Throughput analysis complete! Results saved to /home/ming/E2E-network-measurement/Analysis/analysis-20250916-Monolithic(100-800M)-DL(10-120M)-60min-23
📋 Log file saved to: /home/ming/E2E-network-measurement/Analysis/analysis-20250916-Monolithic(100-800M)-DL(10-120M)-60min-23/logs/throughput_analysis_20250917_171738.log
