Network Analysis Suite Log
Started: 2025-06-09 10:38:58
Data Directory: /home/ming/E2E-network-measurement/data/20250608-NFAPI(100-800M)
Selected Analyses: clean_json, throughput, packet_loss, ping_latency, jitter, cpu
================================================================================

================================================================================
Analysis: clean_iperf_json_analysis.py
Started: 2025-06-09 10:39:05
================================================================================
STDOUT:
🧹 Cleaning and validating iperf3 JSON files in: /home/ming/E2E-network-measurement/data/20250608-NFAPI(100-800M)
📁 Found 16 JSON files to process

🔄 Processing JSON files:
------------------------------------------------------------
📄 Processing: iperf-dl-udp-100M-CN.json
✅ Cleaned: iperf-dl-udp-100M-CN.json
✅ Validation passed: iperf-dl-udp-100M-CN.json

📄 Processing: iperf-dl-udp-100M-UE.json
✅ Cleaned: iperf-dl-udp-100M-UE.json
✅ Validation passed: iperf-dl-udp-100M-UE.json

📄 Processing: iperf-dl-udp-200M-CN.json
✅ Cleaned: iperf-dl-udp-200M-CN.json
✅ Validation passed: iperf-dl-udp-200M-CN.json

📄 Processing: iperf-dl-udp-200M-UE.json
✅ Cleaned: iperf-dl-udp-200M-UE.json
✅ Validation passed: iperf-dl-udp-200M-UE.json

📄 Processing: iperf-dl-udp-300M-CN.json
✅ Cleaned: iperf-dl-udp-300M-CN.json
✅ Validation passed: iperf-dl-udp-300M-CN.json

📄 Processing: iperf-dl-udp-300M-UE.json
✅ Cleaned: iperf-dl-udp-300M-UE.json
✅ Validation passed: iperf-dl-udp-300M-UE.json

📄 Processing: iperf-dl-udp-400M-CN.json
✅ Cleaned: iperf-dl-udp-400M-CN.json
✅ Validation passed: iperf-dl-udp-400M-CN.json

📄 Processing: iperf-dl-udp-400M-UE.json
✅ Cleaned: iperf-dl-udp-400M-UE.json
✅ Validation passed: iperf-dl-udp-400M-UE.json

📄 Processing: iperf-dl-udp-500M-CN.json
✅ Cleaned: iperf-dl-udp-500M-CN.json
✅ Validation passed: iperf-dl-udp-500M-CN.json

📄 Processing: iperf-dl-udp-500M-UE.json
✅ Cleaned: iperf-dl-udp-500M-UE.json
✅ Validation passed: iperf-dl-udp-500M-UE.json

📄 Processing: iperf-dl-udp-600M-CN.json
✅ Cleaned: iperf-dl-udp-600M-CN.json
✅ Validation passed: iperf-dl-udp-600M-CN.json

📄 Processing: iperf-dl-udp-600M-UE.json
✅ Cleaned: iperf-dl-udp-600M-UE.json
✅ Validation passed: iperf-dl-udp-600M-UE.json

📄 Processing: iperf-dl-udp-700M-CN.json
✅ Cleaned: iperf-dl-udp-700M-CN.json
✅ Validation passed: iperf-dl-udp-700M-CN.json

📄 Processing: iperf-dl-udp-700M-UE.json
✅ Cleaned: iperf-dl-udp-700M-UE.json
✅ Validation passed: iperf-dl-udp-700M-UE.json

📄 Processing: iperf-dl-udp-800M-CN.json
✅ Cleaned: iperf-dl-udp-800M-CN.json
✅ Validation passed: iperf-dl-udp-800M-CN.json

📄 Processing: iperf-dl-udp-800M-UE.json
✅ Cleaned: iperf-dl-udp-800M-UE.json
✅ Validation passed: iperf-dl-udp-800M-UE.json

================================================================================
🧹 JSON Cleaning and Validation Summary
================================================================================
📁 Total files processed: 16
✅ Successfully cleaned: 16
✅ Successfully validated: 16
❌ Failed to process: 0
💾 All cleaned files are saved in-place in: /home/ming/E2E-network-measurement/data/20250608-NFAPI(100-800M)
📋 Summary report saved to: /home/ming/E2E-network-measurement/Analysis/analysis-20250608-NFAPI(100-800M)/json_cleaning_summary.txt
================================================================================

Return Code: 0
Completed: 2025-06-09 10:39:05

================================================================================
Analysis: analyze_throughput.py
Started: 2025-06-09 10:39:13
================================================================================
STDOUT:
Analyzing throughput data from: /home/ming/E2E-network-measurement/data/20250608-NFAPI(100-800M)
Processing throughput data:
📊 Processing 100M bandwidth...
  📤 CN: 100.0 Mbps sent
  📥 UE: 100.0 Mbps received
📊 Processing 200M bandwidth...
  📤 CN: 200.0 Mbps sent
  📥 UE: 200.0 Mbps received
📊 Processing 300M bandwidth...
  📤 CN: 300.0 Mbps sent
  📥 UE: 300.0 Mbps received
📊 Processing 400M bandwidth...
  📤 CN: 400.0 Mbps sent
  📥 UE: 399.1 Mbps received
📊 Processing 500M bandwidth...
  📤 CN: 500.0 Mbps sent
  📥 UE: 493.6 Mbps received
📊 Processing 600M bandwidth...
  📤 CN: 600.0 Mbps sent
  📥 UE: 569.0 Mbps received
📊 Processing 700M bandwidth...
  📤 CN: 700.0 Mbps sent
  📥 UE: 591.7 Mbps received
📊 Processing 800M bandwidth...
  📤 CN: 800.0 Mbps sent
  📥 UE: 587.4 Mbps received
✅ Throughput comparison plot saved: throughput_comparison.png
✅ Throughput analysis complete! Results saved to /home/ming/E2E-network-measurement/Analysis/analysis-20250608-NFAPI(100-800M)

Return Code: 0
Completed: 2025-06-09 10:39:13

================================================================================
Analysis: analyze_packet_loss.py
Started: 2025-06-09 10:39:15
================================================================================
STDOUT:
Analyzing UE packet loss data from: /home/ming/E2E-network-measurement/data/20250608-NFAPI(100-800M)
Processing UE packet loss data:
📊 Processing 100M bandwidth...
  📉 UE Loss Rate: 0.000%
📊 Processing 200M bandwidth...
  📉 UE Loss Rate: 0.000%
📊 Processing 300M bandwidth...
  📉 UE Loss Rate: 0.005%
📊 Processing 400M bandwidth...
  📉 UE Loss Rate: 0.227%
📊 Processing 500M bandwidth...
  📉 UE Loss Rate: 1.293%
📊 Processing 600M bandwidth...
  📉 UE Loss Rate: 5.175%
📊 Processing 700M bandwidth...
  📉 UE Loss Rate: 15.474%
📊 Processing 800M bandwidth...
  📉 UE Loss Rate: 26.897%
✅ UE packet loss analysis complete! Plot saved to /home/ming/E2E-network-measurement/Analysis/analysis-20250608-NFAPI(100-800M)/ue_packet_loss_analysis.png

Return Code: 0
Completed: 2025-06-09 10:39:15

================================================================================
Analysis: analyze_ping_latency.py
Started: 2025-06-09 10:39:19
================================================================================
STDOUT:
📋 Detected mode: NFAPI
Analyzing ping latency data from: /home/ming/E2E-network-measurement/data/20250608-NFAPI(100-800M)
Processing ping latency data:
📊 Processing 100M bandwidth...
  📥 Downlink: 3618 ping measurements
📊 Processing 200M bandwidth...
  📥 Downlink: 3618 ping measurements
📊 Processing 300M bandwidth...
  📥 Downlink: 3618 ping measurements
📊 Processing 400M bandwidth...
  📥 Downlink: 3612 ping measurements
📊 Processing 500M bandwidth...
  📥 Downlink: 3579 ping measurements
📊 Processing 600M bandwidth...
  📥 Downlink: 3412 ping measurements
📊 Processing 700M bandwidth...
  📥 Downlink: 2850 ping measurements
📊 Processing 800M bandwidth...
  📥 Downlink: 2224 ping measurements
📊 Creating DL ping analysis...
✅ Analysis plots saved: 3 files

📋 DL Ping Latency Summary:
--------------------------------------------------
100M: Mean=21.97ms, Median=19.40ms, Std=9.94ms, Outliers=112
200M: Mean=22.78ms, Median=20.30ms, Std=11.81ms, Outliers=116
300M: Mean=22.26ms, Median=18.50ms, Std=14.80ms, Outliers=122
400M: Mean=23.86ms, Median=21.20ms, Std=16.32ms, Outliers=139
500M: Mean=26.65ms, Median=23.60ms, Std=22.89ms, Outliers=229
600M: Mean=32.98ms, Median=27.90ms, Std=24.16ms, Outliers=297
700M: Mean=53.41ms, Median=32.80ms, Std=91.68ms, Outliers=417
800M: Mean=43.12ms, Median=33.05ms, Std=38.96ms, Outliers=296
⚠️ No UL ping data found, skipping...
✅ Ping latency analysis complete! Results saved to /home/ming/E2E-network-measurement/Analysis/analysis-20250608-NFAPI(100-800M)

Return Code: 0
Completed: 2025-06-09 10:39:19

================================================================================
Analysis: analyze_jitter.py
Started: 2025-06-09 10:39:21
================================================================================
STDOUT:
Analyzing jitter data from: /home/ming/E2E-network-measurement/data/20250608-NFAPI(100-800M)
Processing jitter data:
📊 Processing 100M bandwidth...
  📈 UE Jitter: 0.092ms
📊 Processing 200M bandwidth...
  📈 UE Jitter: 0.058ms
📊 Processing 300M bandwidth...
  📈 UE Jitter: 0.073ms
📊 Processing 400M bandwidth...
  📈 UE Jitter: 0.025ms
📊 Processing 500M bandwidth...
  📈 UE Jitter: 0.024ms
📊 Processing 600M bandwidth...
  📈 UE Jitter: 0.011ms
📊 Processing 700M bandwidth...
  📈 UE Jitter: 0.036ms
📊 Processing 800M bandwidth...
  📈 UE Jitter: 0.014ms
✅ Jitter analysis complete! Plot saved to /home/ming/E2E-network-measurement/Analysis/analysis-20250608-NFAPI(100-800M)/ue_jitter_analysis.png

Return Code: 0
Completed: 2025-06-09 10:39:21

================================================================================
Analysis: analyze_cpu_utilization.py
Started: 2025-06-09 10:39:24
================================================================================
STDOUT:
Analyzing CPU utilization data from: /home/ming/E2E-network-measurement/data/20250608-NFAPI(100-800M)
✅ Processing CPU utilization data...
📊 Processing 100M bandwidth...
📊 Processing 200M bandwidth...
📊 Processing 300M bandwidth...
📊 Processing 400M bandwidth...
📊 Processing 500M bandwidth...
📊 Processing 600M bandwidth...
📊 Processing 700M bandwidth...
📊 Processing 800M bandwidth...
📈 Creating CPU utilization visualizations...
✅ CPU analysis complete! Generated 2 plots in /home/ming/E2E-network-measurement/Analysis/analysis-20250608-NFAPI(100-800M)

Return Code: 0
Completed: 2025-06-09 10:39:24

================================================================================
Analysis Suite Summary
Completed: 2025-06-09 10:39:24
Successful: 6
Failed: 0
================================================================================
