# iPerf3 Server Test: 公曆 20廿五年 四月 十一日 週五 十二時十九分35秒
# Server Port: 5201
# Metadata: 
# Format: timestamp,session_id,interval,transfer_bytes,bitrate_bps,datagrams,jitter_ms,lost_datagrams,total_datagrams
2025-04-11 12:20:00.654,-----------------------------------------------------------
2025-04-11 12:20:00.657,Server listening on 5201
2025-04-11 12:20:00.659,-----------------------------------------------------------
2025-04-11 12:20:00.662,Accepted connection from 10.45.0.61, port 37042
2025-04-11 12:20:00.666,[  5] local 10.45.0.1 port 5201 connected to 10.45.0.61 port 53296
2025-04-11 12:20:00.670,[ ID] Interval           Transfer     Bitrate         Total Datagrams
2025-04-11 12:20:00.674,[  5]   0.00-1.00   sec  11.9 MBytes  99.9 Mbits/sec  9608
2025-04-11 12:20:00.677,[  5]   1.00-2.00   sec  11.9 MBytes   100 Mbits/sec  9615
2025-04-11 12:20:00.680,[  5]   2.00-3.00   sec  11.9 MBytes   100 Mbits/sec  9616
2025-04-11 12:20:00.684,[  5]   3.00-4.00   sec  11.9 MBytes   100 Mbits/sec  9615
2025-04-11 12:20:00.686,[  5]   4.00-5.00   sec  11.9 MBytes   100 Mbits/sec  9616
2025-04-11 12:20:00.690,[  5]   5.00-6.00   sec  11.9 MBytes   100 Mbits/sec  9615
2025-04-11 12:20:00.693,[  5]   6.00-7.00   sec  11.9 MBytes   100 Mbits/sec  9615
2025-04-11 12:20:00.696,[  5]   7.00-8.00   sec  11.9 MBytes   100 Mbits/sec  9616
2025-04-11 12:20:00.700,[  5]   8.00-9.00   sec  11.9 MBytes   100 Mbits/sec  9615
2025-04-11 12:20:00.704,[  5]   9.00-10.00  sec  11.9 MBytes   100 Mbits/sec  9615
2025-04-11 12:20:00.708,[  5]  10.00-10.10  sec  1.25 MBytes   100 Mbits/sec  1009
2025-04-11 12:20:00.711,- - - - - - - - - - - - - - - - - - - - - - - - -
2025-04-11 12:20:00.714,[ ID] Interval           Transfer     Bitrate         Jitter    Lost/Total Datagrams
2025-04-11 12:20:00.717,[  5]   0.00-10.10  sec   120 MBytes   100 Mbits/sec  0.000 ms  0/97155 (0%)  sender
2025-04-11 12:20:17.779,-----------------------------------------------------------
2025-04-11 12:20:17.782,Server listening on 5201
2025-04-11 12:20:17.785,-----------------------------------------------------------
2025-04-11 12:20:17.788,Accepted connection from 10.45.0.61, port 37044
2025-04-11 12:20:17.792,[  5] local 10.45.0.1 port 5201 connected to 10.45.0.61 port 38216
2025-04-11 12:20:17.795,[ ID] Interval           Transfer     Bitrate         Total Datagrams
2025-04-11 12:20:17.798,[  5]   0.00-1.00   sec  23.8 MBytes   200 Mbits/sec  19218
2025-04-11 12:20:17.802,[  5]   1.00-2.00   sec  23.8 MBytes   200 Mbits/sec  19231
2025-04-11 12:20:17.806,[  5]   2.00-3.00   sec  23.8 MBytes   200 Mbits/sec  19232
2025-04-11 12:20:17.809,[  5]   3.00-4.00   sec  23.8 MBytes   200 Mbits/sec  19229
2025-04-11 12:20:17.812,[  5]   4.00-5.00   sec  23.8 MBytes   200 Mbits/sec  19232
2025-04-11 12:20:17.815,[  5]   5.00-6.00   sec  23.8 MBytes   200 Mbits/sec  19231
2025-04-11 12:20:17.818,[  5]   6.00-7.00   sec  23.8 MBytes   200 Mbits/sec  19230
2025-04-11 12:20:17.822,[  5]   7.00-8.00   sec  23.8 MBytes   200 Mbits/sec  19230
2025-04-11 12:20:17.829,[  5]   8.00-9.00   sec  23.8 MBytes   200 Mbits/sec  19231
2025-04-11 12:20:17.833,[  5]   9.00-10.00  sec  23.8 MBytes   200 Mbits/sec  19231
2025-04-11 12:20:17.835,[  5]  10.00-10.08  sec  1.91 MBytes   201 Mbits/sec  1539
2025-04-11 12:20:17.838,- - - - - - - - - - - - - - - - - - - - - - - - -
2025-04-11 12:20:17.841,[ ID] Interval           Transfer     Bitrate         Jitter    Lost/Total Datagrams
2025-04-11 12:20:17.844,[  5]   0.00-10.08  sec   240 MBytes   200 Mbits/sec  0.000 ms  0/193834 (0%)  sender
2025-04-11 12:20:42.667,-----------------------------------------------------------
2025-04-11 12:20:42.671,Server listening on 5201
2025-04-11 12:20:42.674,-----------------------------------------------------------
2025-04-11 12:20:42.678,Accepted connection from 10.45.0.61, port 37046
2025-04-11 12:20:42.682,[  5] local 10.45.0.1 port 5201 connected to 10.45.0.61 port 58631
2025-04-11 12:20:42.686,[ ID] Interval           Transfer     Bitrate         Total Datagrams
2025-04-11 12:20:42.690,[  5]   0.00-1.00   sec  35.7 MBytes   300 Mbits/sec  28830
2025-04-11 12:20:42.694,[  5]   1.00-2.00   sec  35.8 MBytes   300 Mbits/sec  28843
2025-04-11 12:20:42.698,[  5]   2.00-3.00   sec  35.8 MBytes   300 Mbits/sec  28850
2025-04-11 12:20:42.702,[  5]   3.00-4.00   sec  35.8 MBytes   300 Mbits/sec  28844
2025-04-11 12:20:42.705,[  5]   4.00-5.00   sec  35.8 MBytes   300 Mbits/sec  28839
2025-04-11 12:20:42.709,[  5]   5.00-6.00   sec  35.8 MBytes   300 Mbits/sec  28852
2025-04-11 12:20:42.712,[  5]   6.00-7.00   sec  35.8 MBytes   300 Mbits/sec  28848
2025-04-11 12:20:42.716,[  5]   7.00-8.00   sec  35.8 MBytes   300 Mbits/sec  28848
2025-04-11 12:20:42.721,[  5]   8.00-9.00   sec  35.8 MBytes   300 Mbits/sec  28858
2025-04-11 12:20:42.725,[  5]   9.00-10.00  sec  35.7 MBytes   300 Mbits/sec  28832
2025-04-11 12:20:42.728,[  5]  10.00-10.14  sec  5.14 MBytes   298 Mbits/sec  4144
2025-04-11 12:20:42.732,- - - - - - - - - - - - - - - - - - - - - - - - -
2025-04-11 12:20:42.735,[ ID] Interval           Transfer     Bitrate         Jitter    Lost/Total Datagrams
2025-04-11 12:20:42.738,[  5]   0.00-10.14  sec   363 MBytes   300 Mbits/sec  0.000 ms  0/292588 (0%)  sender
2025-04-11 12:20:56.319,-----------------------------------------------------------
2025-04-11 12:20:56.322,Server listening on 5201
2025-04-11 12:20:56.324,-----------------------------------------------------------
2025-04-11 12:20:56.327,Accepted connection from 10.45.0.61, port 37048
2025-04-11 12:20:56.330,[  5] local 10.45.0.1 port 5201 connected to 10.45.0.61 port 38987
2025-04-11 12:20:56.333,[ ID] Interval           Transfer     Bitrate         Total Datagrams
2025-04-11 12:20:56.336,[  5]   0.00-1.00   sec  47.7 MBytes   400 Mbits/sec  38435
2025-04-11 12:20:56.339,[  5]   1.00-2.00   sec  47.7 MBytes   400 Mbits/sec  38471
2025-04-11 12:20:56.342,[  5]   2.00-3.00   sec  47.7 MBytes   400 Mbits/sec  38463
2025-04-11 12:20:56.345,[  5]   3.00-4.00   sec  47.7 MBytes   400 Mbits/sec  38459
2025-04-11 12:20:56.349,[  5]   4.00-5.00   sec  47.7 MBytes   400 Mbits/sec  38468
2025-04-11 12:20:56.351,[  5]   5.00-6.00   sec  47.6 MBytes   399 Mbits/sec  38403
2025-04-11 12:20:56.354,[  5]   6.00-7.00   sec  47.7 MBytes   401 Mbits/sec  38515
2025-04-11 12:20:56.357,[  5]   7.00-8.00   sec  47.7 MBytes   400 Mbits/sec  38461
2025-04-11 12:20:56.360,[  5]   8.00-9.00   sec  47.7 MBytes   400 Mbits/sec  38462
2025-04-11 12:20:56.363,[  5]   9.00-10.00  sec  47.7 MBytes   400 Mbits/sec  38469
2025-04-11 12:20:56.367,[  5]  10.00-10.09  sec  4.53 MBytes   401 Mbits/sec  3656
2025-04-11 12:20:56.371,- - - - - - - - - - - - - - - - - - - - - - - - -
2025-04-11 12:20:56.374,[ ID] Interval           Transfer     Bitrate         Jitter    Lost/Total Datagrams
2025-04-11 12:20:56.377,[  5]   0.00-10.09  sec   481 MBytes   400 Mbits/sec  0.000 ms  0/388262 (0%)  sender
2025-04-11 12:21:10.854,-----------------------------------------------------------
2025-04-11 12:21:10.859,Server listening on 5201
2025-04-11 12:21:10.863,-----------------------------------------------------------
2025-04-11 12:21:10.867,Accepted connection from 10.45.0.61, port 37050
2025-04-11 12:21:10.871,[  5] local 10.45.0.1 port 5201 connected to 10.45.0.61 port 40110
2025-04-11 12:21:10.875,[ ID] Interval           Transfer     Bitrate         Total Datagrams
2025-04-11 12:21:10.879,[  5]   0.00-1.00   sec  59.6 MBytes   500 Mbits/sec  48072
2025-04-11 12:21:10.883,[  5]   1.00-2.00   sec  59.6 MBytes   500 Mbits/sec  48044
2025-04-11 12:21:10.886,[  5]   2.00-3.00   sec  59.6 MBytes   500 Mbits/sec  48107
2025-04-11 12:21:10.891,[  5]   3.00-4.00   sec  59.6 MBytes   500 Mbits/sec  48057
2025-04-11 12:21:10.896,[  5]   4.00-5.00   sec  59.6 MBytes   500 Mbits/sec  48100
2025-04-11 12:21:10.900,[  5]   5.00-6.00   sec  59.6 MBytes   500 Mbits/sec  48068
2025-04-11 12:21:10.904,[  5]   6.00-7.00   sec  59.6 MBytes   500 Mbits/sec  48085
2025-04-11 12:21:10.908,[  5]   7.00-8.00   sec  59.6 MBytes   500 Mbits/sec  48044
2025-04-11 12:21:10.911,[  5]   8.00-9.00   sec  59.6 MBytes   500 Mbits/sec  48069
2025-04-11 12:21:10.915,[  5]   9.00-10.00  sec  59.6 MBytes   500 Mbits/sec  48080
2025-04-11 12:21:10.918,[  5]  10.00-10.56  sec  33.4 MBytes   501 Mbits/sec  26919
2025-04-11 12:21:10.921,- - - - - - - - - - - - - - - - - - - - - - - - -
2025-04-11 12:21:10.925,[ ID] Interval           Transfer     Bitrate         Jitter    Lost/Total Datagrams
2025-04-11 12:21:10.928,[  5]   0.00-10.56  sec   629 MBytes   500 Mbits/sec  0.000 ms  0/507645 (0%)  sender
2025-04-11 12:21:27.394,-----------------------------------------------------------
2025-04-11 12:21:27.397,Server listening on 5201
2025-04-11 12:21:27.401,-----------------------------------------------------------
2025-04-11 12:21:27.404,Accepted connection from 10.45.0.61, port 37052
2025-04-11 12:21:27.407,[  5] local 10.45.0.1 port 5201 connected to 10.45.0.61 port 57289
2025-04-11 12:21:27.410,[ ID] Interval           Transfer     Bitrate         Total Datagrams
2025-04-11 12:21:27.413,[  5]   0.00-1.00   sec  71.5 MBytes   600 Mbits/sec  57666
2025-04-11 12:21:27.416,[  5]   1.00-2.00   sec  71.5 MBytes   600 Mbits/sec  57672
2025-04-11 12:21:27.419,[  5]   2.00-3.00   sec  71.6 MBytes   600 Mbits/sec  57734
2025-04-11 12:21:27.422,[  5]   3.00-4.00   sec  71.5 MBytes   600 Mbits/sec  57655
2025-04-11 12:21:27.426,[  5]   4.00-5.00   sec  71.6 MBytes   600 Mbits/sec  57720
2025-04-11 12:21:27.429,[  5]   5.00-6.00   sec  71.5 MBytes   600 Mbits/sec  57677
2025-04-11 12:21:27.432,[  5]   6.00-7.00   sec  71.6 MBytes   600 Mbits/sec  57717
2025-04-11 12:21:27.435,[  5]   7.00-8.00   sec  71.5 MBytes   599 Mbits/sec  57642
2025-04-11 12:21:27.438,[  5]   8.00-9.00   sec  71.6 MBytes   601 Mbits/sec  57741
2025-04-11 12:21:27.441,[  5]   9.00-10.00  sec  71.4 MBytes   599 Mbits/sec  57628
2025-04-11 12:21:27.445,[  5]  10.00-10.08  sec  5.26 MBytes   578 Mbits/sec  4241
2025-04-11 12:21:27.448,- - - - - - - - - - - - - - - - - - - - - - - - -
2025-04-11 12:21:27.451,[ ID] Interval           Transfer     Bitrate         Jitter    Lost/Total Datagrams
2025-04-11 12:21:27.454,[  5]   0.00-10.08  sec   720 MBytes   600 Mbits/sec  0.000 ms  0/581093 (0%)  sender
2025-04-11 12:21:50.625,-----------------------------------------------------------
2025-04-11 12:21:50.628,Server listening on 5201
2025-04-11 12:21:50.631,-----------------------------------------------------------
2025-04-11 12:21:50.634,Accepted connection from 10.45.0.61, port 37054
2025-04-11 12:21:50.637,[  5] local 10.45.0.1 port 5201 connected to 10.45.0.61 port 58780
2025-04-11 12:21:50.640,[ ID] Interval           Transfer     Bitrate         Total Datagrams
2025-04-11 12:21:50.644,[  5]   0.00-1.00   sec  83.4 MBytes   700 Mbits/sec  67293
2025-04-11 12:21:50.648,[  5]   1.00-2.00   sec  83.5 MBytes   700 Mbits/sec  67316
2025-04-11 12:21:50.652,[  5]   2.00-3.00   sec  83.4 MBytes   699 Mbits/sec  67236
2025-04-11 12:21:50.656,[  5]   3.00-4.00   sec  83.5 MBytes   700 Mbits/sec  67351
2025-04-11 12:21:50.659,[  5]   4.00-5.00   sec  83.5 MBytes   700 Mbits/sec  67336
2025-04-11 12:21:50.662,[  5]   5.00-6.00   sec  82.6 MBytes   693 Mbits/sec  66659
2025-04-11 12:21:50.665,[  5]   6.00-7.00   sec  84.3 MBytes   707 Mbits/sec  67958
2025-04-11 12:21:50.668,[  5]   7.00-8.00   sec  83.4 MBytes   699 Mbits/sec  67259
2025-04-11 12:21:50.671,[  5]   8.00-9.00   sec  81.9 MBytes   687 Mbits/sec  66022
2025-04-11 12:21:50.675,[  5]   9.00-10.00  sec  85.1 MBytes   714 Mbits/sec  68612
2025-04-11 12:21:50.678,[  5]  10.00-10.35  sec  29.5 MBytes   698 Mbits/sec  23781
2025-04-11 12:21:50.681,- - - - - - - - - - - - - - - - - - - - - - - - -
2025-04-11 12:21:50.685,[ ID] Interval           Transfer     Bitrate         Jitter    Lost/Total Datagrams
2025-04-11 12:21:50.688,[  5]   0.00-10.35  sec   864 MBytes   700 Mbits/sec  0.000 ms  0/696823 (0%)  sender
2025-04-11 12:22:15.562,-----------------------------------------------------------
2025-04-11 12:22:15.565,Server listening on 5201
2025-04-11 12:22:15.568,-----------------------------------------------------------
2025-04-11 12:22:15.570,Accepted connection from 10.45.0.61, port 37056
2025-04-11 12:22:15.573,[  5] local 10.45.0.1 port 5201 connected to 10.45.0.61 port 32802
2025-04-11 12:22:15.576,[ ID] Interval           Transfer     Bitrate         Total Datagrams
2025-04-11 12:22:15.579,[  5]   0.00-1.00   sec  94.7 MBytes   795 Mbits/sec  76417
2025-04-11 12:22:15.582,[  5]   1.00-2.00   sec  96.0 MBytes   805 Mbits/sec  77422
2025-04-11 12:22:15.585,[  5]   2.00-3.00   sec  95.3 MBytes   800 Mbits/sec  76897
2025-04-11 12:22:15.587,[  5]   3.00-4.00   sec  95.4 MBytes   800 Mbits/sec  76935
2025-04-11 12:22:15.590,[  5]   4.00-5.00   sec  95.3 MBytes   799 Mbits/sec  76845
2025-04-11 12:22:15.593,[  5]   5.00-6.00   sec  95.2 MBytes   799 Mbits/sec  76818
2025-04-11 12:22:15.596,[  5]   6.00-7.00   sec  94.0 MBytes   788 Mbits/sec  75800
2025-04-11 12:22:15.599,[  5]   7.00-8.00   sec  97.0 MBytes   813 Mbits/sec  78219
2025-04-11 12:22:15.602,[  5]   8.00-9.00   sec  93.0 MBytes   780 Mbits/sec  75031
2025-04-11 12:22:15.605,[  5]   9.00-10.00  sec  97.3 MBytes   816 Mbits/sec  78478
2025-04-11 12:22:15.608,[  5]  10.00-11.00  sec  95.7 MBytes   803 Mbits/sec  77227
2025-04-11 12:22:15.611,[  5]  11.00-11.05  sec  5.30 MBytes   811 Mbits/sec  4273
2025-04-11 12:22:15.613,- - - - - - - - - - - - - - - - - - - - - - - - -
2025-04-11 12:22:15.616,[ ID] Interval           Transfer     Bitrate         Jitter    Lost/Total Datagrams
2025-04-11 12:22:15.619,[  5]   0.00-11.05  sec  1.03 GBytes   800 Mbits/sec  0.000 ms  0/850362 (0%)  sender
2025-04-11 12:22:38.214,-----------------------------------------------------------
2025-04-11 12:22:38.217,Server listening on 5201
2025-04-11 12:22:38.220,-----------------------------------------------------------
2025-04-11 12:22:38.224,Accepted connection from 10.45.0.61, port 37058
2025-04-11 12:22:38.227,[  5] local 10.45.0.1 port 5201 connected to 10.45.0.61 port 53795
2025-04-11 12:22:38.230,[ ID] Interval           Transfer     Bitrate         Total Datagrams
2025-04-11 12:22:38.234,[  5]   0.00-1.00   sec  98.2 MBytes   824 Mbits/sec  79216
2025-04-11 12:22:38.237,[  5]   1.00-2.00   sec   105 MBytes   885 Mbits/sec  85067
2025-04-11 12:22:38.241,[  5]   2.00-3.00   sec   107 MBytes   901 Mbits/sec  86656
2025-04-11 12:22:38.244,[  5]   3.00-4.00   sec  93.8 MBytes   787 Mbits/sec  75654
2025-04-11 12:22:38.248,[  5]   4.00-5.00   sec   108 MBytes   907 Mbits/sec  87205
2025-04-11 12:22:38.251,[  5]   5.00-6.00   sec   109 MBytes   911 Mbits/sec  87614
2025-04-11 12:22:38.254,[  5]   6.00-7.00   sec  99.8 MBytes   837 Mbits/sec  80468
2025-04-11 12:22:38.258,[  5]   7.00-8.00   sec   109 MBytes   914 Mbits/sec  87875
2025-04-11 12:22:38.261,[  5]   8.00-9.00   sec   108 MBytes   907 Mbits/sec  87210
2025-04-11 12:22:38.264,[  5]   9.00-10.00  sec   108 MBytes   906 Mbits/sec  87145
2025-04-11 12:22:38.267,[  5]  10.00-10.54  sec  56.8 MBytes   881 Mbits/sec  45775
2025-04-11 12:22:38.270,- - - - - - - - - - - - - - - - - - - - - - - - -
2025-04-11 12:22:38.275,[ ID] Interval           Transfer     Bitrate         Jitter    Lost/Total Datagrams
2025-04-11 12:22:38.279,[  5]   0.00-10.54  sec  1.08 GBytes   878 Mbits/sec  0.000 ms  0/889885 (0%)  sender
2025-04-11 12:23:12.340,-----------------------------------------------------------
2025-04-11 12:23:12.343,Server listening on 5201
2025-04-11 12:23:12.346,-----------------------------------------------------------
2025-04-11 12:23:12.349,Accepted connection from 10.45.0.61, port 37060
2025-04-11 12:23:12.352,[  5] local 10.45.0.1 port 5201 connected to 10.45.0.61 port 54787
2025-04-11 12:23:12.355,[ ID] Interval           Transfer     Bitrate         Total Datagrams
2025-04-11 12:23:12.358,[  5]   0.00-1.00   sec  98.5 MBytes   826 Mbits/sec  79415
2025-04-11 12:23:12.362,[  5]   1.00-2.00   sec  97.0 MBytes   814 Mbits/sec  78251
2025-04-11 12:23:12.366,[  5]   2.00-3.00   sec  99.3 MBytes   833 Mbits/sec  80059
2025-04-11 12:23:12.369,[  5]   3.00-4.00   sec   103 MBytes   861 Mbits/sec  82811
2025-04-11 12:23:12.372,[  5]   4.00-5.00   sec   108 MBytes   908 Mbits/sec  87326
2025-04-11 12:23:12.375,[  5]   5.00-6.00   sec   109 MBytes   911 Mbits/sec  87627
2025-04-11 12:23:12.378,[  5]   6.00-7.00   sec   108 MBytes   908 Mbits/sec  87328
2025-04-11 12:23:12.381,[  5]   7.00-8.00   sec   108 MBytes   905 Mbits/sec  87021
2025-04-11 12:23:12.384,[  5]   8.00-9.00   sec   104 MBytes   874 Mbits/sec  84006
2025-04-11 12:23:12.387,[  5]   9.00-10.00  sec   106 MBytes   892 Mbits/sec  85757
2025-04-11 12:23:12.390,[  5]  10.00-10.54  sec  56.3 MBytes   868 Mbits/sec  45430
2025-04-11 12:23:12.393,- - - - - - - - - - - - - - - - - - - - - - - - -
2025-04-11 12:23:12.396,[ ID] Interval           Transfer     Bitrate         Jitter    Lost/Total Datagrams
2025-04-11 12:23:12.399,[  5]   0.00-10.54  sec  1.07 GBytes   873 Mbits/sec  0.000 ms  0/885031 (0%)  sender
