# Ping Test: 公曆 20廿五年 四月 十一日 週五 十二時十九分廿八秒
# Target: 10.45.0.61
# Interface: ogstun
# Metadata: nFAPI-100M-UDP-DL
# Format: timestamp,seq,ttl,rtt_ms
2025-04-11 12:19:29.004,1,64,26.7
2025-04-11 12:19:30.002,2,64,24.9
2025-04-11 12:19:31.001,3,64,23.8
2025-04-11 12:19:32.001,4,64,22.2
2025-04-11 12:19:33.006,5,64,25.9
2025-04-11 12:19:34.007,6,64,24.9
2025-04-11 12:19:35.006,7,64,24.8
2025-04-11 12:19:35.998,8,64,14.3
2025-04-11 12:19:37.006,9,64,23.3
2025-04-11 12:19:38.006,10,64,23.3
2025-04-11 12:19:39.006,11,64,23.3
2025-04-11 12:19:40.007,12,64,23.4
2025-04-11 12:19:40.997,13,64,13.7
2025-04-11 12:19:42.011,14,64,26.6
2025-04-11 12:19:43.011,15,64,25.9
2025-04-11 12:19:44.011,16,64,24.9
2025-04-11 12:19:45.011,17,64,24.3
2025-04-11 12:19:45.997,18,64,9.23
2025-04-11 12:19:47.012,19,64,22.5
2025-04-11 12:19:48.016,20,64,26.9
2025-04-11 12:19:49.016,21,64,26.2
2025-04-11 12:19:50.017,22,64,26.0
2025-04-11 12:19:51.011,23,64,20.9
2025-04-11 12:19:52.024,24,64,32.5
2025-04-11 12:19:53.024,25,64,31.9
2025-04-11 12:19:54.034,26,64,40.9
2025-04-11 12:19:55.019,27,64,25.4
2025-04-11 12:19:56.034,28,64,40.0
2025-04-11 12:19:57.019,29,64,25.3
2025-04-11 12:19:58.034,30,64,39.9
2025-04-11 12:19:59.039,31,64,43.9
2025-04-11 12:20:00.024,32,64,29.5
2025-04-11 12:20:01.027,33,64,31.3
2025-04-11 12:20:02.026,34,64,30.9
2025-04-11 12:20:03.026,35,64,30.8
2025-04-11 12:20:04.026,36,64,29.9
2025-04-11 12:20:05.017,37,64,20.1
2025-04-11 12:20:06.027,38,64,29.6
2025-04-11 12:20:07.026,39,64,29.6
2025-04-11 12:20:08.027,40,64,29.1
2025-04-11 12:20:09.017,41,64,19.3
2025-04-11 12:20:10.035,42,64,36.4
2025-04-11 12:20:11.024,43,64,25.9
2025-04-11 12:20:12.034,44,64,35.0
2025-04-11 12:20:13.034,45,64,35.0
2025-04-11 12:20:14.025,46,64,25.0
2025-04-11 12:20:15.034,47,64,35.0
2025-04-11 12:20:16.025,48,64,25.0
2025-04-11 12:20:17.034,49,64,35.0
2025-04-11 12:20:18.034,50,64,34.9
2025-04-11 12:20:19.027,51,64,26.3
2025-04-11 12:20:20.032,52,64,31.0
2025-04-11 12:20:21.027,53,64,25.8
2025-04-11 12:20:22.027,54,64,24.9
2025-04-11 12:20:23.027,55,64,24.7
2025-04-11 12:20:24.028,56,64,22.4
2025-04-11 12:20:25.032,57,64,25.8
2025-04-11 12:20:26.018,58,64,9.97
2025-04-11 12:20:27.032,59,64,23.4
2025-04-11 12:20:28.037,60,64,26.9
2025-04-11 12:20:29.037,61,64,25.6
2025-04-11 12:20:30.052,62,64,38.9
2025-04-11 12:20:31.036,63,64,22.8
2025-04-11 12:20:32.045,64,64,28.1
2025-04-11 12:20:33.054,65,64,37.1
2025-04-11 12:20:34.054,66,64,36.5
2025-04-11 12:20:35.060,67,64,40.1
2025-04-11 12:20:36.054,68,64,33.9
2025-04-11 12:20:37.059,69,64,38.2
2025-04-11 12:20:38.049,70,64,26.8
2025-04-11 12:20:39.049,71,64,25.5
2025-04-11 12:20:40.059,72,64,34.0
2025-04-11 12:20:41.052,73,64,25.4
2025-04-11 12:20:42.053,74,64,23.9
2025-04-11 12:20:43.052,75,64,22.8
2025-04-11 12:20:44.057,76,64,26.0
2025-04-11 12:20:45.057,77,64,25.7
2025-04-11 12:20:46.107,78,64,73.9
2025-04-11 12:20:47.077,79,64,42.3
2025-04-11 12:20:48.074,80,64,38.3
2025-04-11 12:20:49.064,81,64,26.9
2025-04-11 12:20:51.104,83,64,33.2
2025-04-11 12:20:52.104,84,64,32.7
2025-04-11 12:20:53.125,85,64,51.0
2025-04-11 12:20:54.119,86,64,45.6
2025-04-11 12:20:55.099,87,64,24.2
2025-04-11 12:20:56.114,88,64,37.9
2025-04-11 12:20:57.107,89,64,28.3
2025-04-11 12:20:58.107,90,64,27.7
2025-04-11 12:20:59.107,91,64,25.9
2025-04-11 12:21:00.122,92,64,39.0
2025-04-11 12:21:01.112,93,64,28.6
2025-04-11 12:21:02.115,94,64,29.5
2025-04-11 12:21:03.114,95,64,27.9
2025-04-11 12:21:04.112,96,64,23.4
2025-04-11 12:21:05.124,97,64,34.4
2025-04-11 12:21:06.129,98,64,38.3
2025-04-11 12:21:07.124,99,64,32.3
2025-04-11 12:21:08.125,100,64,30.8
2025-04-11 12:21:09.130,101,64,34.5
2025-04-11 12:21:10.139,102,64,42.8
2025-04-11 12:21:11.122,103,64,23.3
2025-04-11 12:21:12.122,104,64,22.3
2025-04-11 12:21:13.127,105,64,26.0
2025-04-11 12:21:14.127,106,64,25.0
2025-04-11 12:21:15.127,107,64,23.8
2025-04-11 12:21:16.132,108,64,26.8
2025-04-11 12:21:17.132,109,64,24.9
2025-04-11 12:21:18.137,110,64,29.9
2025-04-11 12:21:19.315,111,64,205
2025-04-11 12:21:20.145,112,64,34.7
2025-04-11 12:21:21.155,113,64,43.4
2025-04-11 12:21:22.140,114,64,27.1
2025-04-11 12:21:23.145,115,64,30.9
2025-04-11 12:21:24.155,116,64,39.4
2025-04-11 12:21:26.180,118,64,36.5
2025-04-11 12:21:27.180,119,64,35.0
2025-04-11 12:21:28.172,120,64,26.1
2025-04-11 12:21:29.157,121,64,10.3
2025-04-11 12:21:30.172,122,64,23.5
2025-04-11 12:21:31.177,123,64,27.0
2025-04-11 12:21:32.177,124,64,25.9
2025-04-11 12:21:33.177,125,64,24.0
2025-04-11 12:21:34.177,126,64,23.3
2025-04-11 12:21:35.187,127,64,31.9
2025-04-11 12:21:36.187,128,64,30.5
2025-04-11 12:21:37.179,129,64,19.5
2025-04-11 12:21:38.187,130,64,27.4
2025-04-11 12:21:39.187,131,64,25.8
2025-04-11 12:21:42.274,134,64,67.6
2025-04-11 12:21:43.280,135,64,71.0
2025-04-11 12:21:46.285,138,64,41.6
2025-04-11 12:21:47.280,139,64,35.0
2025-04-11 12:21:48.280,140,64,33.7
2025-04-11 12:21:49.285,141,64,37.6
2025-04-11 12:21:50.290,142,64,40.9
2025-04-11 12:21:51.277,143,64,26.3
2025-04-11 12:21:52.278,144,64,24.9
2025-04-11 12:21:53.277,145,64,23.8
2025-04-11 12:21:54.284,146,64,26.7
2025-04-11 12:21:55.283,147,64,25.0
2025-04-11 12:21:56.283,148,64,23.8
2025-04-11 12:21:57.287,149,64,26.8
2025-04-11 12:21:58.278,150,64,15.3
2025-04-11 12:21:59.287,151,64,23.4
2025-04-11 12:22:00.292,152,64,26.8
2025-04-11 12:22:01.292,153,64,25.0
2025-04-11 12:22:02.288,154,64,18.8
2025-04-11 12:22:03.297,155,64,26.8
2025-04-11 12:22:06.354,158,64,47.6
2025-04-11 12:22:08.360,160,64,40.7
2025-04-11 12:22:09.354,161,64,33.8
2025-04-11 12:22:12.385,164,64,33.6
2025-04-11 12:22:15.415,167,64,23.5
2025-04-11 12:22:16.417,168,64,24.3
2025-04-11 12:22:17.417,169,64,22.9
2025-04-11 12:22:18.427,170,64,30.7
2025-04-11 12:22:19.427,171,64,28.9
2025-04-11 12:22:20.418,172,64,17.2
2025-04-11 12:22:21.427,173,64,25.5
2025-04-11 12:22:22.428,174,64,24.1
2025-04-11 12:22:23.427,175,64,22.6
2025-04-11 12:22:24.432,176,64,25.8
2025-04-11 12:22:25.418,177,64,9.31
2025-04-11 12:22:26.433,178,64,22.4
2025-04-11 12:22:27.438,179,64,25.7
2025-04-11 12:22:30.515,182,64,47.7
2025-04-11 12:22:33.545,185,64,41.7
2025-04-11 12:22:34.555,186,64,49.9
2025-04-11 12:22:38.588,190,64,28.3
2025-04-11 12:22:39.578,191,64,17.2
2025-04-11 12:22:40.587,192,64,25.5
2025-04-11 12:22:41.588,193,64,23.9
2025-04-11 12:22:42.588,194,64,22.8
2025-04-11 12:22:43.593,195,64,25.9
2025-04-11 12:22:44.588,196,64,18.8
2025-04-11 12:22:45.588,197,64,17.1
2025-04-11 12:22:46.598,198,64,25.4
2025-04-11 12:22:47.597,199,64,24.0
2025-04-11 12:22:48.598,200,64,23.4
2025-04-11 12:22:49.597,201,64,22.4
2025-04-11 12:22:50.602,202,64,25.8
2025-04-11 12:22:51.602,203,64,23.9
2025-04-11 12:22:52.607,204,64,26.9
2025-04-11 12:22:53.598,205,64,16.2
2025-04-11 12:22:54.607,206,64,24.5
2025-04-11 12:22:55.608,207,64,23.0
2025-04-11 12:22:56.612,208,64,26.7
2025-04-11 12:22:57.607,209,64,19.9
2025-04-11 12:22:58.599,210,64,9.23
2025-04-11 12:22:59.612,211,64,22.4
2025-04-11 12:23:00.617,212,64,25.9
2025-04-11 12:23:01.668,213,64,74.9
2025-04-11 12:23:04.680,216,64,40.9
2025-04-11 12:23:08.745,220,64,41.9
2025-04-11 12:23:10.755,222,64,35.9
2025-04-11 12:23:12.765,224,64,29.9
2025-04-11 12:23:13.762,225,64,25.3
2025-04-11 12:23:14.763,226,64,24.0
2025-04-11 12:23:15.762,227,64,22.7
2025-04-11 12:23:16.768,228,64,26.9
2025-04-11 12:23:17.768,229,64,25.9
2025-04-11 12:23:18.758,230,64,15.2
2025-04-11 12:23:19.768,231,64,24.5
2025-04-11 12:23:20.768,232,64,22.8
2025-04-11 12:23:21.772,233,64,25.9
2025-04-11 12:23:22.773,234,64,23.9
2025-04-11 12:23:23.773,235,64,22.9
2025-04-11 12:23:24.777,236,64,26.4
2025-04-11 12:23:25.778,237,64,25.1
2025-04-11 12:23:26.777,238,64,23.7
2025-04-11 12:23:27.778,239,64,22.4
2025-04-11 12:23:28.788,240,64,31.0
2025-04-11 12:23:29.787,241,64,29.8
2025-04-11 12:23:30.788,242,64,28.5
2025-04-11 12:23:31.788,243,64,26.8
2025-04-11 12:23:32.787,244,64,24.8
2025-04-11 12:23:33.788,245,64,22.9
2025-04-11 12:23:34.793,246,64,25.9
2025-04-11 12:23:35.793,247,64,25.4
2025-04-11 12:23:36.778,248,64,9.27
2025-04-11 12:23:37.793,249,64,22.5
