Analyzing ping latency data from: /home/ming/E2E-network-measurement/data/20250916-Monolithic(100-800M)-UL(10-120M)-60min-23
Processing ping latency data:
📊 Processing 10M bandwidth...
  📤 Uplink: 3614 ping measurements
📊 Processing 20M bandwidth...
  📤 Uplink: 3614 ping measurements
📊 Processing 30M bandwidth...
  📤 Uplink: 3616 ping measurements
📊 Processing 40M bandwidth...
  📤 Uplink: 3614 ping measurements
📊 Processing 50M bandwidth...
  📤 Uplink: 749 ping measurements
📊 Processing 60M bandwidth...
  📤 Uplink: 0 ping measurements
📊 Processing 70M bandwidth...
  📤 Uplink: 0 ping measurements
📊 Processing 80M bandwidth...
  📤 Uplink: 0 ping measurements
📊 Processing 90M bandwidth...
  📤 Uplink: 0 ping measurements
📊 Processing 100M bandwidth...
  📤 Uplink: 0 ping measurements
📊 Processing 110M bandwidth...
  📤 Uplink: 0 ping measurements
📊 Processing 120M bandwidth...
  📤 Uplink: 0 ping measurements
⚠️ No DL ping data found, skipping...
📊 Creating UL ping analysis...
❌ Error creating analysis for ul: Axes.boxplot() got an unexpected keyword argument 'tick_labels'

📋 UL Ping Latency Summary:
--------------------------------------------------
10M: Mean=2237.69ms, Median=2236.00ms, Std=185.64ms, Outliers=186
20M: Mean=2242.70ms, Median=2236.00ms, Std=201.06ms, Outliers=248
30M: Mean=2239.77ms, Median=2237.50ms, Std=193.58ms, Outliers=226
40M: Mean=2235.70ms, Median=2232.00ms, Std=188.87ms, Outliers=221
50M: Mean=2207.84ms, Median=2230.00ms, Std=254.98ms, Outliers=51
✅ Ping latency analysis complete! Results saved to /home/ming/E2E-network-measurement/Analysis/analysis-20250916-Monolithic(100-800M)-UL(10-120M)-60min-23
📋 Log file saved to: /home/ming/E2E-network-measurement/Analysis/analysis-20250916-Monolithic(100-800M)-UL(10-120M)-60min-23/logs/ping_latency_analysis_20250917_171715.log
